
     | | | | | | |
   _________________
  -|               |-
  -|               |-
  -|               |-
  -|    CYPRESS    |-
  -|               |-
  -|               |-   Warp VHDL Synthesis Compiler: Version 6.3 IR 35
  -|               |-   Copyright (C) 1991-2001 Cypress Semiconductor
   |_______________|
     | | | | | | |

======================================================================
Compiling:  Buena.vhd
Options:    -m -yu -e10 -w100 -o2 -ygs -fP -v10 -dc22v10 -ppalc22v10d-15pc -b Buena.vhd -u 22v10d.hie
======================================================================

vhdlfe V6.3 IR 35:  VHDL parser
Mon Oct 02 11:16:56 2017

Library 'work' => directory 'lc22v10'
Linking 'C:\Archivos de programa\Cypress\Warp\bin\std.vhd'.
Linking 'C:\Archivos de programa\Cypress\Warp\lib\common\cypress.vhd'.
Linking 'C:\Archivos de programa\Cypress\Warp\lib\common\work\cypress.vif'.
Library 'ieee' => directory 'C:\Archivos de programa\Cypress\Warp\lib\ieee\work'
Linking 'C:\Archivos de programa\Cypress\Warp\lib\ieee\work\stdlogic.vif'.

vhdlfe:  No errors.


tovif V6.3 IR 35:  High-level synthesis
Mon Oct 02 11:16:56 2017

Linking 'C:\Archivos de programa\Cypress\Warp\bin\std.vhd'.
Linking 'C:\Archivos de programa\Cypress\Warp\lib\common\cypress.vhd'.
Linking 'C:\Archivos de programa\Cypress\Warp\lib\common\work\cypress.vif'.
Linking 'C:\Archivos de programa\Cypress\Warp\lib\ieee\work\stdlogic.vif'.

tovif:  No errors.


topld V6.3 IR 35:  Synthesis and optimization
Mon Oct 02 11:16:56 2017

Linking 'C:\Archivos de programa\Cypress\Warp\bin\std.vhd'.
Linking 'C:\Archivos de programa\Cypress\Warp\lib\common\cypress.vhd'.
Linking 'C:\Archivos de programa\Cypress\Warp\lib\common\work\cypress.vif'.
Linking 'C:\Archivos de programa\Cypress\Warp\lib\ieee\work\stdlogic.vif'.

----------------------------------------------------------
Detecting unused logic.
----------------------------------------------------------



------------------------------------------------------
Alias Detection
------------------------------------------------------

------------------------------------------------------
Aliased 0 equations, 0 wires.
------------------------------------------------------

----------------------------------------------------------
Circuit simplification
----------------------------------------------------------

----------------------------------------------------------
Circuit simplification results:

	Expanded 3 signals.
	Turned 0 signals into soft nodes.
	Maximum default expansion cost was set at 10.
----------------------------------------------------------

------------------------------------------------------
Alias Detection
------------------------------------------------------

------------------------------------------------------
Aliased 0 equations, 0 wires.
------------------------------------------------------
Created 11 PLD nodes.

topld:  No errors.

----------------------------------------------------------------------------
PLD Optimizer Software:       DSGNOPT.EXE    31/03/2000  [v4.02 ] 6.3 IR 35

DESIGN HEADER INFORMATION  (11:16:57)

Input File(s): Buena.pla
Device       : C22V10
Package      : palc22v10d-15pc
ReportFile   : Buena.rpt

Program Controls:
    COMMAND LANGUAGE_VHDL 
    COMMAND PROPERTY BUS_HOLD ENABLE 

Signal Requests:
    GROUP USEPOL ALL
    GROUP FAST_SLEW ALL

Completed Successfully  
----------------------------------------------------------------------------
PLD Optimizer Software:       DSGNOPT.EXE    31/03/2000  [v4.02 ] 6.3 IR 35

OPTIMIZATION OPTIONS       (11:16:57)

Messages:
  Information: Optimizing logic using best output polarity for signals:
         cnand cor cxnor cxor

  Information: Selected logic optimization OFF for signals:
         cand cnor



Summary:
                 Error Count = 0      Warning Count = 0

Completed Successfully  
----------------------------------------------------------------------------
PLD Optimizer Software:       MINOPT.EXE     01/NOV/1999  [v4.02 ] 6.3 IR 35

LOGIC MINIMIZATION         ()

Messages:


Summary:
                 Error Count = 0      Warning Count = 0

Completed Successfully
----------------------------------------------------------------------------
PLD Optimizer Software:       DSGNOPT.EXE    31/03/2000  [v4.02 ] 6.3 IR 35

OPTIMIZATION OPTIONS       (11:16:57)

Messages:
  Information: Optimizing Banked Preset/Reset requirements.


Summary:
                 Error Count = 0      Warning Count = 0

Completed Successfully  
----------------------------------------------------------------------------
PLD Compiler Software:        PLA2JED.EXE    31/03/2000  [v4.02 ] 6.3 IR 35

<CYPRESSTAG name="Equations" icon=FILE_RPT_EQUATION>
DESIGN EQUATIONS           (11:16:57)
</CYPRESSTAG>

    cand =
          a * b * c * d * e 

    /cnand =
          a * b * c * d * e 

    cnor =
          /a * /b * /c * /d * /e 

    /cor =
          /a * /b * /c * /d * /e 

    cxnor =
          /a * /b * /c * /d * /e 
        + /a * b * c * d * e 
        + a * /b * c * d * e 
        + a * b * /c * d * e 
        + /a * /b * /c * d * e 
        + a * b * c * /d * e 
        + /a * /b * c * /d * e 
        + /a * b * /c * /d * e 
        + a * /b * /c * /d * e 
        + a * b * c * d * /e 
        + /a * /b * c * d * /e 
        + /a * b * /c * d * /e 
        + a * /b * /c * d * /e 
        + /a * b * c * /d * /e 
        + a * /b * c * /d * /e 
        + a * b * /c * /d * /e 

    cxor =
          a * b * c * d * e 
        + /a * /b * c * d * e 
        + /a * b * /c * d * e 
        + a * /b * /c * d * e 
        + /a * b * c * /d * e 
        + a * /b * c * /d * e 
        + a * b * /c * /d * e 
        + /a * /b * /c * /d * e 
        + /a * b * c * d * /e 
        + a * /b * c * d * /e 
        + a * b * /c * d * /e 
        + /a * /b * /c * d * /e 
        + a * b * c * /d * /e 
        + /a * /b * c * /d * /e 
        + /a * b * /c * /d * /e 
        + a * /b * /c * /d * /e 


Completed Successfully  
----------------------------------------------------------------------------
PLD Compiler Software:        PLA2JED.EXE    31/03/2000  [v4.02 ] 6.3 IR 35

DESIGN RULE CHECK          (11:16:57)

Messages:
                 None.


Summary:
                 Error Count = 0      Warning Count = 0

Completed Successfully  
----------------------------------------------------------------------------
PLD Compiler Software:        PLA2JED.EXE    31/03/2000  [v4.02 ] 6.3 IR 35

<CYPRESSTAG name="Pinout" icon=FILE_RPT_PINOUT>
PINOUT INFORMATION   (11:16:57)
</CYPRESSTAG>
Messages:
  Information: Checking for duplicate NODE logic.
                 None.


                                 C22V10
                 __________________________________________
              e =| 1|                                  |24|* not used       
              d =| 2|                                  |23|= cnor           
              c =| 3|                                  |22|= cand           
              b =| 4|                                  |21|* not used       
              a =| 5|                                  |20|* not used       
       not used *| 6|                                  |19|= cxnor          
       not used *| 7|                                  |18|= cxor           
       not used *| 8|                                  |17|* not used       
       not used *| 9|                                  |16|* not used       
       not used *|10|                                  |15|= cnand          
       not used *|11|                                  |14|= cor            
       not used *|12|                                  |13|* not used       
                 __________________________________________


Summary:
                 Error Count = 0      Warning Count = 0

Completed Successfully  
----------------------------------------------------------------------------
PLD Compiler Software:        PLA2JED.EXE    31/03/2000  [v4.02 ] 6.3 IR 35

<CYPRESSTAG name="Utilization" icon=FILE_RPT_UTILIZATION>
RESOURCE UTILIZATION (11:16:57)
</CYPRESSTAG>
  Information: Macrocell Utilization.

                     Description        Used     Max
                 ______________________________________
                 | Dedicated Inputs   |    4  |   11  |
                 | Clock/Inputs       |    1  |    1  |
                 | I/O Macrocells     |    6  |   10  |
                 ______________________________________
                                          11  /   22   = 50  %


  Information: Output Logic Product Term Utilization.

                  Node#  Output Signal Name  Used   Max
                 ________________________________________
                 | 14  |  cor             |   1  |   8  |
                 | 15  |  cnand           |   1  |  10  |
                 | 16  |  Unused          |   0  |  12  |
                 | 17  |  Unused          |   0  |  14  |
                 | 18  |  cxor            |  16  |  16  |
                 | 19  |  cxnor           |  16  |  16  |
                 | 20  |  Unused          |   0  |  14  |
                 | 21  |  Unused          |   0  |  12  |
                 | 22  |  cand            |   1  |  10  |
                 | 23  |  cnor            |   1  |   8  |
                 | 25  |  Unused          |   0  |   1  |
                 ________________________________________
                                             36  / 121   = 29  %


Completed Successfully  
----------------------------------------------------------------------------
PLD Compiler Software:        PLA2JED.EXE    31/03/2000  [v4.02 ] 6.3 IR 35

JEDEC ASSEMBLE             (11:16:57)

Messages:
  Information: Output file 'Buena.pin' created.
  Information: Output file 'Buena.jed' created.

  Usercode:    
  Checksum:    DCD2



Summary:
                 Error Count = 0      Warning Count = 0

Completed Successfully at 11:16:57
